// Jest Snapshot v1, https://goo.gl/fbAQLP

exports[`should match the snapshot 1`] = `
<div
  className="rental-detail"
>
  <p
    className="house-type"
  >
    Apartment
      •  
    New York
  </p>
</div>
`;
